Microchip MPLAB XC8 Compiler V2.32

Linker command line:

-W-3 --edf=C:\Program Files\Microchip\xc8\v2.32\pic\dat\en_msgs.txt -cn \
  -h+dist/default/debug\Proyecto_Final_PICS.X.debug.sym \
  --cmf=dist/default/debug\Proyecto_Final_PICS.X.debug.cmf -z -Q18F45K50 \
  -oC:\Users\Luich\AppData\Local\Temp\xcAs1r4.5 --defsym=__MPLAB_BUILD=1 \
  -Mdist/default/debug/Proyecto_Final_PICS.X.debug.map -E1 \
  -ver=XC8 Compiler --acfsm=1493 -ASTACK=0A1h-07FFh -pstack=STACK \
  -ACODE=00h-07FFFh -ACONST=00h-07FFFh -ASMALLCONST=0800h-08FFhx120 \
  -AMEDIUMCONST=0800h-07FFFh -ACOMRAM=01h-05Fh -AABS1=00h-07FFh \
  -ABIGRAM=01h-07FFh -ARAM=060h-0FFh,0100h-01FFhx7 -ABANK0=060h-0FFh \
  -ABANK1=0100h-01FFh -ABANK2=0200h-02FFh -ABANK3=0300h-03FFh \
  -ABANK4=0400h-04FFh -ABANK5=0500h-05FFh -ABANK6=0600h-06FFh \
  -ABANK7=0700h-07FFh -ASFR=0F53h-0F5Fh,0F60h-0FFFh \
  -ACONFIG=0300000h-030000Dh -AIDLOC=0200000h-0200007h \
  -AEEDATA=0F00000h-0F000FFh -peeprom_data=EEDATA \
  -preset_vec=00h,intcode=08h,intcodelo,powerup,init -pramtop=0800h \
  -psmallconst=SMALLCONST -pmediumconst=MEDIUMCONST -pconst=CONST \
  -AFARRAM=00h-00h \
  -prdata=COMRAM,nvrram=COMRAM,nvbit=COMRAM,rbss=COMRAM,rbit=COMRAM \
  -pfarbss=FARRAM,fardata=FARRAM,nvFARRAM=FARRAM \
  -pintsave_regs=BIGRAM,bigbss=BIGRAM,bigdata=BIGRAM -pbss=RAM \
  -pidata=CODE,irdata=CODE,ibigdata=CODE,ifardata=CODE -prparam=COMRAM \
  C:\Users\Luich\AppData\Local\Temp\xcAs1r4.o \
  dist/default/debug\Proyecto_Final_PICS.X.debug.o 

Object code version is 3.11

Machine type is 18F45K50



                Name                               Link     Load   Length Selector   Space Scale
C:\Users\Luich\AppData\Local\Temp\xcAs1r4.o
                idloc                            200000   200000        8        0       5
                config                           300000   300000        E        0       4
                init                                 50       50        4        4       0
                reset_vec                             0        0        4        0       0
dist/default/debug\Proyecto_Final_PICS.X.debug.o
                intcode                               8        8       48        4       0
                idloc                            200000   200000        8        0       5
                config                           300000   300000        E        0       4
                temp                                 5F       5F        1        1       1
                smallconst                          800      800       20      400       0
                text17                             14CA     14CA       4A      410       0
                text16                             1682     1682       30      410       0
                text15                             1402     1402       66      410       0
                text14                              F02      F02      188      410       0
                text13                             108A     108A      164      410       0
                text12                             159A     159A       40      410       0
                text11                             164E     164E       34      410       0
                text10                             136C     136C       96      410       0
                text9                              1514     1514       44      410       0
                text8                              1618     1618       36      410       0
                text7                              11EE     11EE       C6      410       0
                text6                               820      820      2E2      410       0
                text5                               D4E      D4E      1B4      410       0
                text4                              1468     1468       62      410       0
                text3                              16B2     16B2       26      410       0
                text2                               B02      B02      24C      410       0
                text1                              12B4     12B4       B8      410       0
                text0                              1558     1558       42      410       0
                cstackCOMRAM                          1        1       5E        1       1
                cstackBANK0                          89       89       10       60       1
                dataBANK0                            99       99        8       60       1
                bssBANK0                             60       60       29       60       1
                cinit                              15DA     15DA       3E      410       0
                idataBANK0                         16D8     16D8        8      410       0

TOTAL           Name                               Link     Load   Length     Space
        CLASS   STACK          

        CLASS   CODE           
                intcode                               8        8       48         0
                init                                 50       50        4         0
                reset_vec                             0        0        4         0
                text17                             14CA     14CA       4A         0
                text16                             1682     1682       30         0
                text15                             1402     1402       66         0
                text14                              F02      F02      188         0
                text13                             108A     108A      164         0
                text12                             159A     159A       40         0
                text11                             164E     164E       34         0
                text10                             136C     136C       96         0
                text9                              1514     1514       44         0
                text8                              1618     1618       36         0
                text7                              11EE     11EE       C6         0
                text6                               820      820      2E2         0
                text5                               D4E      D4E      1B4         0
                text4                              1468     1468       62         0
                text3                              16B2     16B2       26         0
                text2                               B02      B02      24C         0
                text1                              12B4     12B4       B8         0
                text0                              1558     1558       42         0
                cinit                              15DA     15DA       3E         0
                idataBANK0                         16D8     16D8        8         0

        CLASS   CONST          

        CLASS   SMALLCONST     
                smallconst                          800      800       20         0

        CLASS   MEDIUMCONST    

        CLASS   COMRAM         
                temp                                 5F       5F        1         1
                cstackCOMRAM                          1        1       5E         1

        CLASS   ABS1           

        CLASS   BIGRAM         

        CLASS   RAM            

        CLASS   BANK0          
                cstackBANK0                          89       89       10         1
                dataBANK0                            99       99        8         1
                bssBANK0                             60       60       29         1

        CLASS   BANK1          

        CLASS   BANK2          

        CLASS   BANK3          

        CLASS   BANK4          

        CLASS   BANK5          

        CLASS   BANK6          

        CLASS   BANK7          

        CLASS   SFR            

        CLASS   CONFIG         
                config                           300000   300000        E         4

        CLASS   IDLOC          
                idloc                            200000   200000        8         5

        CLASS   EEDATA         

        CLASS   FARRAM         



SEGMENTS        Name                           Load    Length   Top    Selector   Space  Class

                reset_vec                      000000  000004  000004         0       0  CODE    
                cstackCOMRAM                   000001  00005F  000060         1       1  COMRAM  
                intcode                        000008  00004C  000054         4       0  CODE    
                bssBANK0                       000060  000041  0000A1        60       1  BANK0   
                smallconst                     000800  000020  000820       400       0  SMALLCON
                text6                          000820  000EC0  0016E0       410       0  CODE    


UNUSED ADDRESS RANGES

        Name                Unused          Largest block    Delta
        BANK0            0000A1-0000FF               5F
        BANK1            000100-0001FF              100
        BANK2            000200-0002FF              100
        BANK3            000300-0003FF              100
        BANK4            000400-0004FF              100
        BANK5            000500-0005FF              100
        BANK6            000600-0006FF              100
        BANK7            000700-0007FF              100
        BIGRAM           0000A1-0007FF              75F
        CODE             000004-000007                4
                         000054-0007FF              7AC
                         0016E0-007FFF             6920
        CONST            000004-000007                4
                         000054-0007FF              7AC
                         0016E0-007FFF             6920
        EEDATA           F00000-F000FF              100
        MEDIUMCONST      0016E0-007FFF             6920
        RAM              0000A1-0007FF              100
        SFR              000F53-000FFF                D
        SMALLCONST       0016E0-007FFF              100
        STACK            0000A1-0007FF              75F

                                  Symbol Table

?___aodiv                cstackCOMRAM 000001
?___aomod                cstackCOMRAM 000001
?_abs                    cstackCOMRAM 000013
?_dtoa                   cstackCOMRAM 00001E
?_pad                    cstackCOMRAM 000013
?_printf                 cstackBANK0  000089
?_strlen                 cstackCOMRAM 000001
?_vfpfcnvrt              cstackCOMRAM 000042
?_vfprintf               cstackCOMRAM 000052
_ANSELA                  (abs)        000F5B
_ANSELB                  (abs)        000F5C
_ANSELC                  (abs)        000F5D
_ANSELD                  (abs)        000F5E
_Configuracion           text17       0014CA
_INTCON                  (abs)        000FF2
_INTCONbits              (abs)        000FF2
_InicializaLCD           text15       001402
_Inter                   intcode      000008
_LATAbits                (abs)        000F89
_LATCbits                (abs)        000F8B
_LATD                    (abs)        000F8C
_PIE1                    (abs)        000F9D
_PIR1                    (abs)        000F9E
_PIR1bits                (abs)        000F9E
_PORTAbits               (abs)        000F80
_RCONbits                (abs)        000FD0
_T0CON                   (abs)        000FD5
_T1CON                   (abs)        000FCD
_TMR0H                   (abs)        000FD7
_TMR0L                   (abs)        000FD6
_TMR1H                   (abs)        000FCF
_TMR1L                   (abs)        000FCE
_TRISA                   (abs)        000F92
_TRISAbits               (abs)        000F92
_TRISB                   (abs)        000F93
_TRISC                   (abs)        000F94
_TRISD                   (abs)        000F95
__HRAM                   (abs)        000000
__Habs1                  abs1         000000
__Hbank0                 bank0        000000
__Hbank1                 bank1        000000
__Hbank2                 bank2        000000
__Hbank3                 bank3        000000
__Hbank4                 bank4        000000
__Hbank5                 bank5        000000
__Hbank6                 bank6        000000
__Hbank7                 bank7        000000
__Hbigbss                bigbss       000000
__Hbigdata               bigdata      000000
__Hbigram                bigram       000000
__Hbss                   bss          000000
__HbssBANK0              bssBANK0     000000
__Hcinit                 cinit        000000
__Hclrtext               clrtext      000000
__Hcomram                comram       000000
__Hconfig                config       30000E
__Hconst                 const        000000
__HcstackBANK0           cstackBANK0  000000
__HcstackCOMRAM          cstackCOMRAM 000000
__Hdata                  data         000000
__HdataBANK0             dataBANK0    000000
__Heeprom_data           eeprom_data  000000
__Hfarbss                farbss       000000
__Hfardata               fardata      000000
__Hibigdata              ibigdata     000000
__Hidata                 idata        000000
__HidataBANK0            idataBANK0   000000
__Hidloc                 idloc        200008
__Hifardata              ifardata     000000
__Hinit                  init         000054
__Hintcode               intcode      000050
__Hintcode_body          intcode_body 000000
__Hintcodelo             intcodelo    000050
__Hintentry              intentry     000000
__Hintret                intret       000000
__Hintsave_regs          intsave_regs 000000
__Hirdata                irdata       000000
__Hmediumconst           mediumconst  000000
__HnvFARRAM              nvFARRAM     000000
__Hnvbit                 nvbit        000000
__Hnvrram                nvrram       000000
__Hparam                 rparam       000000
__Hpowerup               powerup      000050
__Hram                   ram          000000
__Hramtop                ramtop       000800
__Hrbit                  rbit         000000
__Hrbss                  rbss         000000
__Hrdata                 rdata        000000
__Hreset_vec             reset_vec    000004
__Hrparam                rparam       000000
__Hsfr                   sfr          000000
__Hsmallconst            smallconst   000820
__Hspace_0               (abs)        0016E0
__Hspace_1               (abs)        0000A1
__Hspace_2               (abs)        000000
__Hspace_4               (abs)        60000E
__Hstack                 stack        000000
__Hstruct                struct       000000
__Htemp                  temp         000060
__Htext                  text         000000
__Htext0                 text0        000000
__Htext1                 text1        000000
__Htext10                text10       000000
__Htext11                text11       000000
__Htext12                text12       000000
__Htext13                text13       000000
__Htext14                text14       000000
__Htext15                text15       000000
__Htext16                text16       000000
__Htext17                text17       000000
__Htext2                 text2        000000
__Htext3                 text3        000000
__Htext4                 text4        000000
__Htext5                 text5        000000
__Htext6                 text6        000000
__Htext7                 text7        000000
__Htext8                 text8        000000
__Htext9                 text9        000000
__LRAM                   (abs)        000001
__Labs1                  abs1         000000
__Lbank0                 bank0        000000
__Lbank1                 bank1        000000
__Lbank2                 bank2        000000
__Lbank3                 bank3        000000
__Lbank4                 bank4        000000
__Lbank5                 bank5        000000
__Lbank6                 bank6        000000
__Lbank7                 bank7        000000
__Lbigbss                bigbss       000000
__Lbigdata               bigdata      000000
__Lbigram                bigram       000000
__Lbss                   bss          000000
__LbssBANK0              bssBANK0     000000
__Lcinit                 cinit        000000
__Lclrtext               clrtext      000000
__Lcomram                comram       000000
__Lconfig                config       000000
__Lconst                 const        000000
__LcstackBANK0           cstackBANK0  000000
__LcstackCOMRAM          cstackCOMRAM 000000
__Ldata                  data         000000
__LdataBANK0             dataBANK0    000000
__Leeprom_data           eeprom_data  000000
__Lfarbss                farbss       000000
__Lfardata               fardata      000000
__Libigdata              ibigdata     000000
__Lidata                 idata        000000
__LidataBANK0            idataBANK0   000000
__Lidloc                 idloc        000000
__Lifardata              ifardata     000000
__Linit                  init         000050
__Lintcode               intcode      000008
__Lintcode_body          intcode_body 000000
__Lintcodelo             intcodelo    000050
__Lintentry              intentry     000000
__Lintret                intret       000000
__Lintsave_regs          intsave_regs 000000
__Lirdata                irdata       000000
__Lmediumconst           mediumconst  000000
__LnvFARRAM              nvFARRAM     000000
__Lnvbit                 nvbit        000000
__Lnvrram                nvrram       000000
__Lparam                 rparam       000000
__Lpowerup               powerup      000050
__Lram                   ram          000000
__Lramtop                ramtop       000800
__Lrbit                  rbit         000000
__Lrbss                  rbss         000000
__Lrdata                 rdata        000000
__Lreset_vec             reset_vec    000000
__Lrparam                rparam       000000
__Lsfr                   sfr          000000
__Lsmallconst            smallconst   000800
__Lspace_0               (abs)        000000
__Lspace_1               (abs)        000000
__Lspace_2               (abs)        000000
__Lspace_4               (abs)        000000
__Lstack                 stack        000000
__Lstruct                struct       000000
__Ltemp                  temp         00005F
__Ltext                  text         000000
__Ltext0                 text0        000000
__Ltext1                 text1        000000
__Ltext10                text10       000000
__Ltext11                text11       000000
__Ltext12                text12       000000
__Ltext13                text13       000000
__Ltext14                text14       000000
__Ltext15                text15       000000
__Ltext16                text16       000000
__Ltext17                text17       000000
__Ltext2                 text2        000000
__Ltext3                 text3        000000
__Ltext4                 text4        000000
__Ltext5                 text5        000000
__Ltext6                 text6        000000
__Ltext7                 text7        000000
__Ltext8                 text8        000000
__Ltext9                 text9        000000
__S0                     (abs)        0016E0
__S1                     (abs)        0000A1
__S2                     (abs)        000000
__S4                     (abs)        000000
__S5                     (abs)        000000
___aodiv                 text14       000F02
___aodiv@counter         cstackCOMRAM 000011
___aodiv@dividend        cstackCOMRAM 000001
___aodiv@divisor         cstackCOMRAM 000009
___aodiv@quotient        cstackCOMRAM 000013
___aodiv@sign            cstackCOMRAM 000012
___aomod                 text13       00108A
___aomod@counter         cstackCOMRAM 000011
___aomod@dividend        cstackCOMRAM 000001
___aomod@divisor         cstackCOMRAM 000009
___aomod@sign            cstackCOMRAM 000012
___inthi_sp              stack        000000
___intlo_sp              stack        000000
___param_bank            (abs)        000000
___rparam_used           (abs)        000001
___sp                    stack        000000
__accesstop              (abs)        000060
__activetblptr           (abs)        000001
__end_of_Configuracion   text17       001514
__end_of_InicializaLCD   text15       001468
__end_of_Inter           intcode      000050
__end_of___aodiv         text14       00108A
__end_of___aomod         text13       0011EE
__end_of__initialization cinit        001606
__end_of_abs             text12       0015DA
__end_of_dtoa            text6        000B02
__end_of_fputc           text10       001402
__end_of_fputs           text9        001558
__end_of_iniciarDHT11    text2        000D4E
__end_of_main            text0        00159A
__end_of_pad             text7        0012B4
__end_of_printf          text3        0016D8
__end_of_putch           text11       001682
__end_of_putcm           text16       0016B2
__end_of_strlen          text8        00164E
__end_of_tiempo          text1        00136C
__end_of_vfpfcnvrt       text5        000F02
__end_of_vfprintf        text4        0014CA
__initialization         cinit        0015DA
__mediumconst            mediumconst  000000
__pbssBANK0              bssBANK0     000060
__pcinit                 cinit        0015DA
__pcstackBANK0           cstackBANK0  000089
__pcstackCOMRAM          cstackCOMRAM 000001
__pdataBANK0             dataBANK0    000099
__pidataBANK0            idataBANK0   0016D8
__pintcode               intcode      000008
__psmallconst            smallconst   000800
__ptext0                 text0        001558
__ptext1                 text1        0012B4
__ptext10                text10       00136C
__ptext11                text11       00164E
__ptext12                text12       00159A
__ptext13                text13       00108A
__ptext14                text14       000F02
__ptext15                text15       001402
__ptext16                text16       001682
__ptext17                text17       0014CA
__ptext2                 text2        000B02
__ptext3                 text3        0016B2
__ptext4                 text4        001468
__ptext5                 text5        000D4E
__ptext6                 text6        000820
__ptext7                 text7        0011EE
__ptext8                 text8        001618
__ptext9                 text9        001514
__ramtop                 ramtop       000800
__size_of_Configuracion  (abs)        000000
__size_of_InicializaLCD  (abs)        000000
__size_of_Inter          (abs)        000000
__size_of___aodiv        (abs)        000000
__size_of___aomod        (abs)        000000
__size_of_abs            (abs)        000000
__size_of_dtoa           (abs)        000000
__size_of_fputc          (abs)        000000
__size_of_fputs          (abs)        000000
__size_of_iniciarDHT11   (abs)        000000
__size_of_main           (abs)        000000
__size_of_pad            (abs)        000000
__size_of_printf         (abs)        000000
__size_of_putch          (abs)        000000
__size_of_putcm          (abs)        000000
__size_of_strlen         (abs)        000000
__size_of_tiempo         (abs)        000000
__size_of_vfpfcnvrt      (abs)        000000
__size_of_vfprintf       (abs)        000000
__smallconst             smallconst   000800
_abs                     text12       00159A
_check                   bssBANK0     000068
_dbuf                    bssBANK0     000069
_dias                    dataBANK0    000099
_dtoa                    text6        000820
_dtoa$999                cstackCOMRAM 000030
_flags                   bssBANK0     000066
_fputc                   text10       00136C
_fputs                   text9        001514
_horas                   dataBANK0    00009F
_iniciarDHT11            text2        000B02
_main                    text0        001558
_minutos                 dataBANK0    00009D
_nout                    bssBANK0     000060
_pad                     text7        0011EE
_prec                    bssBANK0     000064
_printf                  text3        0016B2
_putch                   text11       00164E
_putcm                   text16       001682
_segundos                dataBANK0    00009B
_strlen                  text8        001618
_tiempo                  text1        0012B4
_vfpfcnvrt               text5        000D4E
_vfprintf                text4        001468
_width                   bssBANK0     000062
abs@a                    cstackCOMRAM 000013
btemp                    temp         00005F
dtoa@d                   cstackCOMRAM 000020
dtoa@fp                  cstackCOMRAM 00001E
dtoa@i                   cstackCOMRAM 000040
dtoa@n                   cstackCOMRAM 000038
dtoa@p                   cstackCOMRAM 000032
dtoa@s                   cstackCOMRAM 000036
dtoa@w                   cstackCOMRAM 000034
end_of_initialization    cinit        001606
fputc@c                  cstackCOMRAM 000003
fputc@fp                 cstackCOMRAM 000005
fputs@c                  cstackCOMRAM 000010
fputs@fp                 cstackCOMRAM 00000E
fputs@i                  cstackCOMRAM 000011
fputs@s                  cstackCOMRAM 00000C
iniciarDHT11@checksum    cstackBANK0  000093
iniciarDHT11@humDec      cstackBANK0  000095
iniciarDHT11@humEnt      cstackBANK0  000094
iniciarDHT11@i           cstackBANK0  000098
iniciarDHT11@tempDec     cstackBANK0  000096
iniciarDHT11@tempEnt     cstackBANK0  000097
int$flags                temp         00005F
intlevel0                text         000000
intlevel1                text         000000
intlevel2                text         000000
intlevel3                text         000000
isa$std                  (abs)        000001
isa$xinst                (abs)        000000
pad@buf                  cstackCOMRAM 000015
pad@fp                   cstackCOMRAM 000013
pad@i                    cstackCOMRAM 00001A
pad@p                    cstackCOMRAM 000017
pad@w                    cstackCOMRAM 00001C
printf@ap                cstackCOMRAM 00005A
printf@fmt               cstackBANK0  000089
putch@Activa             cstackCOMRAM 000002
putch@data               cstackCOMRAM 000001
putcm@Activa             cstackCOMRAM 000002
putcm@data               cstackCOMRAM 000001
stackhi                  (abs)        0007FF
stacklo                  (abs)        0000A1
start                    init         000050
start_initialization     cinit        0015DA
strlen@a                 cstackCOMRAM 000003
strlen@s                 cstackCOMRAM 000001
ttemp5                   temp         000060
ttemp6                   temp         000063
ttemp7                   temp         000067
vfpfcnvrt@ap             cstackCOMRAM 000046
vfpfcnvrt@fmt            cstackCOMRAM 000044
vfpfcnvrt@fp             cstackCOMRAM 000042
vfpfcnvrt@ll             cstackCOMRAM 00004A
vfprintf@ap              cstackCOMRAM 000056
vfprintf@cfmt            cstackCOMRAM 000058
vfprintf@fmt             cstackCOMRAM 000054
vfprintf@fp              cstackCOMRAM 000052
wtemp8                   temp         000060


MODULE INFORMATION

Module		Function		Class		Link	Load	Size
C:\Program Files\Microchip\xc8\v2.32\pic\sources\c99\common\doprnt.c
		_vfpfcnvrt     		CODE           	0D4E	0000	436
		_pad           		CODE           	11EE	0000	198
		_dtoa          		CODE           	0820	0000	738
		_vfprintf      		CODE           	1468	0000	98

C:\Program Files\Microchip\xc8\v2.32\pic\sources\c99\common\doprnt.c estimated size: 1470

C:\Program Files\Microchip\xc8\v2.32\pic\sources\c99\common\nf_fputs.c
		_fputs         		CODE           	1514	0000	68

C:\Program Files\Microchip\xc8\v2.32\pic\sources\c99\common\nf_fputs.c estimated size: 68

C:\Program Files\Microchip\xc8\v2.32\pic\sources\c99\common\abs.c
		_abs           		CODE           	159A	0000	64

C:\Program Files\Microchip\xc8\v2.32\pic\sources\c99\common\abs.c estimated size: 64

proyectoFinal.c
		_putcm         		CODE           	1682	0000	48
		_InicializaLCD 		CODE           	1402	0000	102
		_putch         		CODE           	164E	0000	52
		_main          		CODE           	1558	0000	66
		_iniciarDHT11  		CODE           	0B02	0000	588
		_Inter         		CODE           	0008	0000	72
		_tiempo        		CODE           	12B4	0000	184
		_Configuracion 		CODE           	14CA	0000	74

proyectoFinal.c estimated size: 1186

C:\Program Files\Microchip\xc8\v2.32\pic\sources\c99\common\aomod.c
		___aomod       		CODE           	108A	0000	356

C:\Program Files\Microchip\xc8\v2.32\pic\sources\c99\common\aomod.c estimated size: 356

shared
		__initialization		CODE           	15DA	0000	44

shared estimated size: 44

C:\Program Files\Microchip\xc8\v2.32\pic\sources\c99\common\printf.c
		_printf        		CODE           	16B2	0000	38

C:\Program Files\Microchip\xc8\v2.32\pic\sources\c99\common\printf.c estimated size: 38

C:\Program Files\Microchip\xc8\v2.32\pic\sources\c99\common\nf_fputc.c
		_fputc         		CODE           	136C	0000	150

C:\Program Files\Microchip\xc8\v2.32\pic\sources\c99\common\nf_fputc.c estimated size: 150

C:\Program Files\Microchip\xc8\v2.32\pic\sources\c99\common\aodiv.c
		___aodiv       		CODE           	0F02	0000	392

C:\Program Files\Microchip\xc8\v2.32\pic\sources\c99\common\aodiv.c estimated size: 392

C:\Program Files\Microchip\xc8\v2.32\pic\sources\c99\common\strlen.c
		_strlen        		CODE           	1618	0000	54

C:\Program Files\Microchip\xc8\v2.32\pic\sources\c99\common\strlen.c estimated size: 54

