Microchip MPLAB XC8 Compiler V2.32

Linker command line:

-W-3 --edf=C:\Program Files\Microchip\xc8\v2.32\pic\dat\en_msgs.txt -cn \
  -h+dist/default/production\Proyecto_Final_PICS.X.production.sym \
  --cmf=dist/default/production\Proyecto_Final_PICS.X.production.cmf -z \
  -Q18F45K50 -oC:\Users\Luich\AppData\Local\Temp\xcAscng.4 \
  --defsym=__MPLAB_BUILD=1 \
  -Mdist/default/production/Proyecto_Final_PICS.X.production.map -E1 \
  -ver=XC8 Compiler --acfsm=1493 -ASTACK=0A6h-07FFh -pstack=STACK \
  -ACODE=00h-07FFFh -ACONST=00h-07FFFh -ASMALLCONST=0800h-08FFhx120 \
  -AMEDIUMCONST=0800h-07FFFh -ACOMRAM=01h-05Fh -AABS1=00h-07FFh \
  -ABIGRAM=01h-07FFh -ARAM=060h-0FFh,0100h-01FFhx7 -ABANK0=060h-0FFh \
  -ABANK1=0100h-01FFh -ABANK2=0200h-02FFh -ABANK3=0300h-03FFh \
  -ABANK4=0400h-04FFh -ABANK5=0500h-05FFh -ABANK6=0600h-06FFh \
  -ABANK7=0700h-07FFh -ASFR=0F53h-0F5Fh,0F60h-0FFFh \
  -ACONFIG=0300000h-030000Dh -AIDLOC=0200000h-0200007h \
  -AEEDATA=0F00000h-0F000FFh -peeprom_data=EEDATA \
  -preset_vec=00h,intcode=08h,intcodelo,powerup,init -pramtop=0800h \
  -psmallconst=SMALLCONST -pmediumconst=MEDIUMCONST -pconst=CONST \
  -AFARRAM=00h-00h \
  -prdata=COMRAM,nvrram=COMRAM,nvbit=COMRAM,rbss=COMRAM,rbit=COMRAM \
  -pfarbss=FARRAM,fardata=FARRAM,nvFARRAM=FARRAM \
  -pintsave_regs=BIGRAM,bigbss=BIGRAM,bigdata=BIGRAM -pbss=RAM \
  -pidata=CODE,irdata=CODE,ibigdata=CODE,ifardata=CODE -prparam=COMRAM \
  C:\Users\Luich\AppData\Local\Temp\xcAscng.o \
  dist/default/production\Proyecto_Final_PICS.X.production.o 

Object code version is 3.11

Machine type is 18F45K50



                Name                               Link     Load   Length Selector   Space Scale
C:\Users\Luich\AppData\Local\Temp\xcAscng.o
                idloc                            200000   200000        8        0       5
                config                           300000   300000        E        0       4
                init                                 B6       B6        4        4       0
                reset_vec                             0        0        4        0       0
dist/default/production\Proyecto_Final_PICS.X.production.o
                intcode                               8        8       AE        4       0
                idloc                            200000   200000        8        0       5
                config                           300000   300000        E        0       4
                temp                                 5E       5E        1        1       1
                smallconst                          800      800       A6      400       0
                text24                             2124     2124       46      453       0
                text23                             21AE     21AE       42      453       0
                text22                             1FF2     1FF2       8A      453       0
                text21                             2306     2306       1A      453       0
                text20                             22C2     22C2       28      453       0
                text19                             2266     2266       34      453       0
                text18                             1924     1924      188      453       0
                text17                             1AAC     1AAC      164      453       0
                text16                             21F0     21F0       40      453       0
                text15                             20DE     20DE       46      453       0
                text14                             1F5C     1F5C       96      453       0
                text13                             216A     216A       44      453       0
                text12                             2230     2230       36      453       0
                text11                             1D14     1D14       C6      453       0
                text10                              D3E      D3E      2E2      453       0
                text9                              1770     1770      1B4      453       0
                text8                              207C     207C       62      453       0
                text7                              229A     229A       28      453       0
                text6                              1DDA     1DDA       C4      453       0
                text5                              1C10     1C10      104      453       0
                text4                              15BC     15BC      1B4      453       0
                text3                              1020     1020      2E0      453       0
                text2                              1300     1300      2BC      453       0
                text1                              1E9E     1E9E       BE      453       0
                text0                               8A6      8A6      498      453       0
                cstackCOMRAM                          1        1       5C        1       1
                cstackBANK0                          8D       8D       19       60       1
                bssBANK0                             60       60       2D       60       1
                bssCOMRAM                            5D       5D        1        1       1
                cinit                              22EA     22EA       1C      453       0

TOTAL           Name                               Link     Load   Length     Space
        CLASS   STACK          

        CLASS   CODE           
                intcode                               8        8       AE         0
                init                                 B6       B6        4         0
                reset_vec                             0        0        4         0
                text24                             2124     2124       46         0
                text23                             21AE     21AE       42         0
                text22                             1FF2     1FF2       8A         0
                text21                             2306     2306       1A         0
                text20                             22C2     22C2       28         0
                text19                             2266     2266       34         0
                text18                             1924     1924      188         0
                text17                             1AAC     1AAC      164         0
                text16                             21F0     21F0       40         0
                text15                             20DE     20DE       46         0
                text14                             1F5C     1F5C       96         0
                text13                             216A     216A       44         0
                text12                             2230     2230       36         0
                text11                             1D14     1D14       C6         0
                text10                              D3E      D3E      2E2         0
                text9                              1770     1770      1B4         0
                text8                              207C     207C       62         0
                text7                              229A     229A       28         0
                text6                              1DDA     1DDA       C4         0
                text5                              1C10     1C10      104         0
                text4                              15BC     15BC      1B4         0
                text3                              1020     1020      2E0         0
                text2                              1300     1300      2BC         0
                text1                              1E9E     1E9E       BE         0
                text0                               8A6      8A6      498         0
                cinit                              22EA     22EA       1C         0

        CLASS   CONST          

        CLASS   SMALLCONST     
                smallconst                          800      800       A6         0

        CLASS   MEDIUMCONST    

        CLASS   COMRAM         
                temp                                 5E       5E        1         1
                cstackCOMRAM                          1        1       5C         1
                bssCOMRAM                            5D       5D        1         1

        CLASS   ABS1           

        CLASS   BIGRAM         

        CLASS   RAM            

        CLASS   BANK0          
                cstackBANK0                          8D       8D       19         1
                bssBANK0                             60       60       2D         1

        CLASS   BANK1          

        CLASS   BANK2          

        CLASS   BANK3          

        CLASS   BANK4          

        CLASS   BANK5          

        CLASS   BANK6          

        CLASS   BANK7          

        CLASS   SFR            

        CLASS   CONFIG         
                config                           300000   300000        E         4

        CLASS   IDLOC          
                idloc                            200000   200000        8         5

        CLASS   EEDATA         

        CLASS   FARRAM         



SEGMENTS        Name                           Load    Length   Top    Selector   Space  Class

                reset_vec                      000000  000004  000004         0       0  CODE    
                cstackCOMRAM                   000001  00005E  00005F         1       1  COMRAM  
                intcode                        000008  0000B2  0000BA         4       0  CODE    
                bssBANK0                       000060  000046  0000A6        60       1  BANK0   
                smallconst                     000800  0000A6  0008A6       400       0  SMALLCON
                text0                          0008A6  001A7A  002320       453       0  CODE    


UNUSED ADDRESS RANGES

        Name                Unused          Largest block    Delta
        BANK0            0000A6-0000FF               5A
        BANK1            000100-0001FF              100
        BANK2            000200-0002FF              100
        BANK3            000300-0003FF              100
        BANK4            000400-0004FF              100
        BANK5            000500-0005FF              100
        BANK6            000600-0006FF              100
        BANK7            000700-0007FF              100
        BIGRAM           00005F-00005F                1
                         0000A6-0007FF              75A
        CODE             000004-000007                4
                         0000BA-0007FF              746
                         002320-007FFF             5CE0
        COMRAM           00005F-00005F                1
        CONST            000004-000007                4
                         0000BA-0007FF              746
                         002320-007FFF             5CE0
        EEDATA           F00000-F000FF              100
        MEDIUMCONST      002320-007FFF             5CE0
        RAM              0000A6-0007FF              100
        SFR              000F53-000FFF                D
        SMALLCONST       002320-007FFF              100
        STACK            0000A6-0007FF              75A

                                  Symbol Table

?___aodiv                cstackCOMRAM 000002
?___aomod                cstackCOMRAM 000002
?___awdiv                cstackCOMRAM 000002
?___xxtofl               cstackCOMRAM 00000A
?_abs                    cstackCOMRAM 000014
?_dtoa                   cstackCOMRAM 000020
?_pad                    cstackCOMRAM 000015
?_printf                 cstackBANK0  00008D
?_strlen                 cstackCOMRAM 000002
?_vfpfcnvrt              cstackCOMRAM 000044
?_vfprintf               cstackCOMRAM 000054
EscribeEEprom@Direccion  cstackCOMRAM 000003
EscribeEEprom@Valor      cstackCOMRAM 000002
LeeEEprom@Direccion      cstackCOMRAM 000002
_ANSELA                  (abs)        000F5B
_ANSELB                  (abs)        000F5C
_ANSELC                  (abs)        000F5D
_ANSELD                  (abs)        000F5E
_Configuracion           text24       002124
_EEADR                   (abs)        000FA9
_EECON1bits              (abs)        000FA6
_EECON2                  (abs)        000FA7
_EEDATA                  (abs)        000FA8
_EscribeEEprom           text20       0022C2
_INTCON                  (abs)        000FF2
_INTCONbits              (abs)        000FF2
_InicializaLCD           text22       001FF2
_Inter                   intcode      000008
_LATAbits                (abs)        000F89
_LATCbits                (abs)        000F8B
_LATD                    (abs)        000F8C
_LeeEEprom               text21       002306
_OSCCON                  (abs)        000FD3
_PIE1                    (abs)        000F9D
_PIR1bits                (abs)        000F9E
_PORTAbits               (abs)        000F80
_RCONbits                (abs)        000FD0
_T0CON                   (abs)        000FD5
_T0CONbits               (abs)        000FD5
_T1CON                   (abs)        000FCD
_T1CONbits               (abs)        000FCD
_TMR0H                   (abs)        000FD7
_TMR0L                   (abs)        000FD6
_TMR1H                   (abs)        000FCF
_TMR1L                   (abs)        000FCE
_TRISA                   (abs)        000F92
_TRISAbits               (abs)        000F92
_TRISB                   (abs)        000F93
_TRISC                   (abs)        000F94
_TRISD                   (abs)        000F95
__HRAM                   (abs)        000000
__Habs1                  abs1         000000
__Hbank0                 bank0        000000
__Hbank1                 bank1        000000
__Hbank2                 bank2        000000
__Hbank3                 bank3        000000
__Hbank4                 bank4        000000
__Hbank5                 bank5        000000
__Hbank6                 bank6        000000
__Hbank7                 bank7        000000
__Hbigbss                bigbss       000000
__Hbigdata               bigdata      000000
__Hbigram                bigram       000000
__Hbss                   bss          000000
__HbssBANK0              bssBANK0     000000
__HbssCOMRAM             bssCOMRAM    000000
__Hcinit                 cinit        000000
__Hclrtext               clrtext      000000
__Hcomram                comram       000000
__Hconfig                config       30000E
__Hconst                 const        000000
__HcstackBANK0           cstackBANK0  000000
__HcstackCOMRAM          cstackCOMRAM 000000
__Hdata                  data         000000
__Heeprom_data           eeprom_data  000000
__Hfarbss                farbss       000000
__Hfardata               fardata      000000
__Hibigdata              ibigdata     000000
__Hidata                 idata        000000
__Hidloc                 idloc        200008
__Hifardata              ifardata     000000
__Hinit                  init         0000BA
__Hintcode               intcode      0000B6
__Hintcode_body          intcode_body 000000
__Hintcodelo             intcodelo    0000B6
__Hintentry              intentry     000000
__Hintret                intret       000000
__Hintsave_regs          intsave_regs 000000
__Hirdata                irdata       000000
__Hmediumconst           mediumconst  000000
__HnvFARRAM              nvFARRAM     000000
__Hnvbit                 nvbit        000000
__Hnvrram                nvrram       000000
__Hparam                 rparam       000000
__Hpowerup               powerup      0000B6
__Hram                   ram          000000
__Hramtop                ramtop       000800
__Hrbit                  rbit         000000
__Hrbss                  rbss         000000
__Hrdata                 rdata        000000
__Hreset_vec             reset_vec    000004
__Hrparam                rparam       000000
__Hsfr                   sfr          000000
__Hsmallconst            smallconst   0008A6
__Hspace_0               (abs)        002320
__Hspace_1               (abs)        0000A6
__Hspace_2               (abs)        000000
__Hspace_4               (abs)        60000E
__Hstack                 stack        000000
__Hstruct                struct       000000
__Htemp                  temp         00005F
__Htext                  text         000000
__Htext0                 text0        000000
__Htext1                 text1        000000
__Htext10                text10       000000
__Htext11                text11       000000
__Htext12                text12       000000
__Htext13                text13       000000
__Htext14                text14       000000
__Htext15                text15       000000
__Htext16                text16       000000
__Htext17                text17       000000
__Htext18                text18       000000
__Htext19                text19       000000
__Htext2                 text2        000000
__Htext20                text20       000000
__Htext21                text21       000000
__Htext22                text22       000000
__Htext23                text23       000000
__Htext24                text24       000000
__Htext3                 text3        000000
__Htext4                 text4        000000
__Htext5                 text5        000000
__Htext6                 text6        000000
__Htext7                 text7        000000
__Htext8                 text8        000000
__Htext9                 text9        000000
__LRAM                   (abs)        000001
__Labs1                  abs1         000000
__Lbank0                 bank0        000000
__Lbank1                 bank1        000000
__Lbank2                 bank2        000000
__Lbank3                 bank3        000000
__Lbank4                 bank4        000000
__Lbank5                 bank5        000000
__Lbank6                 bank6        000000
__Lbank7                 bank7        000000
__Lbigbss                bigbss       000000
__Lbigdata               bigdata      000000
__Lbigram                bigram       000000
__Lbss                   bss          000000
__LbssBANK0              bssBANK0     000000
__LbssCOMRAM             bssCOMRAM    000000
__Lcinit                 cinit        000000
__Lclrtext               clrtext      000000
__Lcomram                comram       000000
__Lconfig                config       000000
__Lconst                 const        000000
__LcstackBANK0           cstackBANK0  000000
__LcstackCOMRAM          cstackCOMRAM 000000
__Ldata                  data         000000
__Leeprom_data           eeprom_data  000000
__Lfarbss                farbss       000000
__Lfardata               fardata      000000
__Libigdata              ibigdata     000000
__Lidata                 idata        000000
__Lidloc                 idloc        000000
__Lifardata              ifardata     000000
__Linit                  init         0000B6
__Lintcode               intcode      000008
__Lintcode_body          intcode_body 000000
__Lintcodelo             intcodelo    0000B6
__Lintentry              intentry     000000
__Lintret                intret       000000
__Lintsave_regs          intsave_regs 000000
__Lirdata                irdata       000000
__Lmediumconst           mediumconst  000000
__LnvFARRAM              nvFARRAM     000000
__Lnvbit                 nvbit        000000
__Lnvrram                nvrram       000000
__Lparam                 rparam       000000
__Lpowerup               powerup      0000B6
__Lram                   ram          000000
__Lramtop                ramtop       000800
__Lrbit                  rbit         000000
__Lrbss                  rbss         000000
__Lrdata                 rdata        000000
__Lreset_vec             reset_vec    000000
__Lrparam                rparam       000000
__Lsfr                   sfr          000000
__Lsmallconst            smallconst   000800
__Lspace_0               (abs)        000000
__Lspace_1               (abs)        000000
__Lspace_2               (abs)        000000
__Lspace_4               (abs)        000000
__Lstack                 stack        000000
__Lstruct                struct       000000
__Ltemp                  temp         00005E
__Ltext                  text         000000
__Ltext0                 text0        000000
__Ltext1                 text1        000000
__Ltext10                text10       000000
__Ltext11                text11       000000
__Ltext12                text12       000000
__Ltext13                text13       000000
__Ltext14                text14       000000
__Ltext15                text15       000000
__Ltext16                text16       000000
__Ltext17                text17       000000
__Ltext18                text18       000000
__Ltext19                text19       000000
__Ltext2                 text2        000000
__Ltext20                text20       000000
__Ltext21                text21       000000
__Ltext22                text22       000000
__Ltext23                text23       000000
__Ltext24                text24       000000
__Ltext3                 text3        000000
__Ltext4                 text4        000000
__Ltext5                 text5        000000
__Ltext6                 text6        000000
__Ltext7                 text7        000000
__Ltext8                 text8        000000
__Ltext9                 text9        000000
__S0                     (abs)        002320
__S1                     (abs)        0000A6
__S2                     (abs)        000000
__S4                     (abs)        000000
__S5                     (abs)        000000
___aodiv                 text18       001924
___aodiv@counter         cstackCOMRAM 000012
___aodiv@dividend        cstackCOMRAM 000002
___aodiv@divisor         cstackCOMRAM 00000A
___aodiv@quotient        cstackCOMRAM 000014
___aodiv@sign            cstackCOMRAM 000013
___aomod                 text17       001AAC
___aomod@counter         cstackCOMRAM 000012
___aomod@dividend        cstackCOMRAM 000002
___aomod@divisor         cstackCOMRAM 00000A
___aomod@sign            cstackCOMRAM 000013
___awdiv                 text6        001DDA
___awdiv@counter         cstackCOMRAM 000006
___awdiv@dividend        cstackCOMRAM 000002
___awdiv@divisor         cstackCOMRAM 000004
___awdiv@quotient        cstackCOMRAM 000008
___awdiv@sign            cstackCOMRAM 000007
___flge                  text5        001C10
___flge@ff1              cstackCOMRAM 000018
___flge@ff2              cstackCOMRAM 00001C
___inthi_sp              stack        000000
___intlo_sp              stack        000000
___param_bank            (abs)        000000
___rparam_used           (abs)        000001
___sp                    stack        000000
___xxtofl                text4        0015BC
___xxtofl@arg            cstackCOMRAM 000014
___xxtofl@exp            cstackCOMRAM 000013
___xxtofl@sign           cstackCOMRAM 000012
___xxtofl@val            cstackCOMRAM 00000A
__accesstop              (abs)        000060
__activetblptr           (abs)        000002
__end_of_Configuracion   text24       00216A
__end_of_EscribeEEprom   text20       0022EA
__end_of_InicializaLCD   text22       00207C
__end_of_Inter           intcode      0000B6
__end_of_LeeEEprom       text21       002320
__end_of___aodiv         text18       001AAC
__end_of___aomod         text17       001C10
__end_of___awdiv         text6        001E9E
__end_of___flge          text5        001D14
__end_of___xxtofl        text4        001770
__end_of__initialization cinit        0022F8
__end_of_abs             text16       002230
__end_of_dtoa            text10       001020
__end_of_fputc           text14       001FF2
__end_of_fputs           text13       0021AE
__end_of_girarHuevos     text19       00229A
__end_of_iniciarDHT11    text2        0015BC
__end_of_main            text0        000D3E
__end_of_pad             text11       001DDA
__end_of_printf          text7        0022C2
__end_of_putch           text15       002124
__end_of_putcm           text23       0021F0
__end_of_strlen          text12       002266
__end_of_tempHumCheck    text3        001300
__end_of_tiempo          text1        001F5C
__end_of_vfpfcnvrt       text9        001924
__end_of_vfprintf        text8        0020DE
__initialization         cinit        0022EA
__mediumconst            mediumconst  000000
__pbssBANK0              bssBANK0     000060
__pbssCOMRAM             bssCOMRAM    00005D
__pcinit                 cinit        0022EA
__pcstackBANK0           cstackBANK0  00008D
__pcstackCOMRAM          cstackCOMRAM 000001
__pintcode               intcode      000008
__psmallconst            smallconst   000800
__ptext0                 text0        0008A6
__ptext1                 text1        001E9E
__ptext10                text10       000D3E
__ptext11                text11       001D14
__ptext12                text12       002230
__ptext13                text13       00216A
__ptext14                text14       001F5C
__ptext15                text15       0020DE
__ptext16                text16       0021F0
__ptext17                text17       001AAC
__ptext18                text18       001924
__ptext19                text19       002266
__ptext2                 text2        001300
__ptext20                text20       0022C2
__ptext21                text21       002306
__ptext22                text22       001FF2
__ptext23                text23       0021AE
__ptext24                text24       002124
__ptext3                 text3        001020
__ptext4                 text4        0015BC
__ptext5                 text5        001C10
__ptext6                 text6        001DDA
__ptext7                 text7        00229A
__ptext8                 text8        00207C
__ptext9                 text9        001770
__ramtop                 ramtop       000800
__size_of_Configuracion  (abs)        000000
__size_of_EscribeEEprom  (abs)        000000
__size_of_InicializaLCD  (abs)        000000
__size_of_Inter          (abs)        000000
__size_of_LeeEEprom      (abs)        000000
__size_of___aodiv        (abs)        000000
__size_of___aomod        (abs)        000000
__size_of___awdiv        (abs)        000000
__size_of___flge         (abs)        000000
__size_of___xxtofl       (abs)        000000
__size_of_abs            (abs)        000000
__size_of_dtoa           (abs)        000000
__size_of_fputc          (abs)        000000
__size_of_fputs          (abs)        000000
__size_of_girarHuevos    (abs)        000000
__size_of_iniciarDHT11   (abs)        000000
__size_of_main           (abs)        000000
__size_of_pad            (abs)        000000
__size_of_printf         (abs)        000000
__size_of_putch          (abs)        000000
__size_of_putcm          (abs)        000000
__size_of_strlen         (abs)        000000
__size_of_tempHumCheck   (abs)        000000
__size_of_tiempo         (abs)        000000
__size_of_vfpfcnvrt      (abs)        000000
__size_of_vfprintf       (abs)        000000
__smallconst             smallconst   000800
_abs                     text16       0021F0
_dbuf                    bssBANK0     00006D
_dias                    bssCOMRAM    00005D
_dtoa                    text10       000D3E
_dtoa$1171               cstackCOMRAM 000032
_estadoEEPROM            bssBANK0     000068
_flags                   bssBANK0     000066
_fputc                   text14       001F5C
_fputs                   text13       00216A
_girarHuevos             text19       002266
_horas                   bssBANK0     00006C
_iniciarDHT11            text2        001300
_main                    text0        0008A6
_minutos                 bssBANK0     00006B
_nout                    bssBANK0     000060
_pad                     text11       001D14
_prec                    bssBANK0     000064
_printf                  text7        00229A
_putch                   text15       0020DE
_putcm                   text23       0021AE
_segundos                bssBANK0     00006A
_servoPos                bssBANK0     000069
_strlen                  text12       002230
_tempHumCheck            text3        001020
_tiempo                  text1        001E9E
_vfpfcnvrt               text9        001770
_vfprintf                text8        00207C
_width                   bssBANK0     000062
abs@a                    cstackCOMRAM 000014
btemp                    temp         00005E
dtoa@d                   cstackCOMRAM 000022
dtoa@fp                  cstackCOMRAM 000020
dtoa@i                   cstackCOMRAM 000042
dtoa@n                   cstackCOMRAM 00003A
dtoa@p                   cstackCOMRAM 000034
dtoa@s                   cstackCOMRAM 000038
dtoa@w                   cstackCOMRAM 000036
end_of_initialization    cinit        0022F8
fputc@c                  cstackCOMRAM 000005
fputc@fp                 cstackCOMRAM 000007
fputs@c                  cstackCOMRAM 000012
fputs@fp                 cstackCOMRAM 000010
fputs@i                  cstackCOMRAM 000013
fputs@s                  cstackCOMRAM 00000E
iniciarDHT11@checksum    cstackBANK0  00009D
iniciarDHT11@humDec      cstackBANK0  00009F
iniciarDHT11@humEnt      cstackBANK0  00009E
iniciarDHT11@i           cstackBANK0  0000A2
iniciarDHT11@tempDec     cstackBANK0  0000A1
iniciarDHT11@tempEnt     cstackBANK0  0000A0
int$flags                temp         00005E
intlevel0                text         000000
intlevel1                text         000000
intlevel2                text         000000
intlevel3                text         000000
isa$std                  (abs)        000001
isa$xinst                (abs)        000000
main@bandera             cstackBANK0  0000A5
pad@buf                  cstackCOMRAM 000017
pad@fp                   cstackCOMRAM 000015
pad@i                    cstackCOMRAM 00001C
pad@p                    cstackCOMRAM 000019
pad@w                    cstackCOMRAM 00001E
printf@ap                cstackBANK0  000097
printf@fmt               cstackBANK0  00008D
putch@Activa             cstackCOMRAM 000004
putch@data               cstackCOMRAM 000003
putcm@Activa             cstackCOMRAM 000004
putcm@data               cstackCOMRAM 000003
stackhi                  (abs)        0007FF
stacklo                  (abs)        0000A6
start                    init         0000B6
start_initialization     cinit        0022EA
strlen@a                 cstackCOMRAM 000004
strlen@s                 cstackCOMRAM 000002
tempHumCheck@chumDec     cstackCOMRAM 000024
tempHumCheck@chumEnt     cstackCOMRAM 000029
tempHumCheck@ctempDec    cstackCOMRAM 000026
tempHumCheck@ctempEnt    cstackCOMRAM 000025
ttemp5                   temp         00005F
ttemp6                   temp         000062
ttemp7                   temp         000066
vfpfcnvrt@ap             cstackCOMRAM 000048
vfpfcnvrt@fmt            cstackCOMRAM 000046
vfpfcnvrt@fp             cstackCOMRAM 000044
vfpfcnvrt@ll             cstackCOMRAM 00004C
vfprintf@ap              cstackCOMRAM 000058
vfprintf@cfmt            cstackCOMRAM 00005A
vfprintf@fmt             cstackCOMRAM 000056
vfprintf@fp              cstackCOMRAM 000054
wtemp8                   temp         00005F


MODULE INFORMATION

Module		Function		Class		Link	Load	Size
C:\Program Files\Microchip\xc8\v2.32\pic\sources\c99\common\awdiv.c
		___awdiv       		CODE           	1DDA	0000	196

C:\Program Files\Microchip\xc8\v2.32\pic\sources\c99\common\awdiv.c estimated size: 196

C:\Program Files\Microchip\xc8\v2.32\pic\sources\c99\common\doprnt.c
		_vfpfcnvrt     		CODE           	1770	0000	436
		_pad           		CODE           	1D14	0000	198
		_dtoa          		CODE           	0D3E	0000	738
		_vfprintf      		CODE           	207C	0000	98

C:\Program Files\Microchip\xc8\v2.32\pic\sources\c99\common\doprnt.c estimated size: 1470

C:\Program Files\Microchip\xc8\v2.32\pic\sources\c99\common\nf_fputs.c
		_fputs         		CODE           	216A	0000	68

C:\Program Files\Microchip\xc8\v2.32\pic\sources\c99\common\nf_fputs.c estimated size: 68

C:\Program Files\Microchip\xc8\v2.32\pic\sources\c99\common\abs.c
		_abs           		CODE           	21F0	0000	64

C:\Program Files\Microchip\xc8\v2.32\pic\sources\c99\common\abs.c estimated size: 64

proyectoFinal.c
		_putcm         		CODE           	21AE	0000	66
		_InicializaLCD 		CODE           	1FF2	0000	138
		_LeeEEprom     		CODE           	2306	0000	26
		_putch         		CODE           	20DE	0000	70
		_main          		CODE           	08A6	0000	1176
		_iniciarDHT11  		CODE           	1300	0000	700
		_tempHumCheck  		CODE           	1020	0000	736
		_Inter         		CODE           	0008	0000	174
		_girarHuevos   		CODE           	2266	0000	52
		_tiempo        		CODE           	1E9E	0000	190
		_EscribeEEprom 		CODE           	22C2	0000	40
		_Configuracion 		CODE           	2124	0000	70

proyectoFinal.c estimated size: 3438

C:\Program Files\Microchip\xc8\v2.32\pic\sources\c99\common\aomod.c
		___aomod       		CODE           	1AAC	0000	356

C:\Program Files\Microchip\xc8\v2.32\pic\sources\c99\common\aomod.c estimated size: 356

shared
		__initialization		CODE           	22EA	0000	14

shared estimated size: 14

C:\Program Files\Microchip\xc8\v2.32\pic\sources\c99\common\xxtofl.c
		___xxtofl      		CODE           	15BC	0000	436

C:\Program Files\Microchip\xc8\v2.32\pic\sources\c99\common\xxtofl.c estimated size: 436

C:\Program Files\Microchip\xc8\v2.32\pic\sources\c99\common\printf.c
		_printf        		CODE           	229A	0000	40

C:\Program Files\Microchip\xc8\v2.32\pic\sources\c99\common\printf.c estimated size: 40

C:\Program Files\Microchip\xc8\v2.32\pic\sources\c99\common\nf_fputc.c
		_fputc         		CODE           	1F5C	0000	150

C:\Program Files\Microchip\xc8\v2.32\pic\sources\c99\common\nf_fputc.c estimated size: 150

C:\Program Files\Microchip\xc8\v2.32\pic\sources\c99\common\aodiv.c
		___aodiv       		CODE           	1924	0000	392

C:\Program Files\Microchip\xc8\v2.32\pic\sources\c99\common\aodiv.c estimated size: 392

C:\Program Files\Microchip\xc8\v2.32\pic\sources\c99\common\strlen.c
		_strlen        		CODE           	2230	0000	54

C:\Program Files\Microchip\xc8\v2.32\pic\sources\c99\common\strlen.c estimated size: 54

C:\Program Files\Microchip\xc8\v2.32\pic\sources\c99\common\flge.c
		___flge        		CODE           	1C10	0000	260

C:\Program Files\Microchip\xc8\v2.32\pic\sources\c99\common\flge.c estimated size: 260

